
ROM used:   15860/32768 (48%)
            32768/32768 (100%) including unused fragments

            1.4 Average locations per line
            8.3 Average locations per statement

RAM used:   1118/2048 (55%) at main() level
            1190/2048 (58%) worst case

Stack used: 14 worst case (9 in main + 5 for interrupts)
Stack size: 31

Lines Stmts  %   Files
----- ----- ---  -----
 1075   579  30  Prueba.c
  854     0   0  C:\Program Files (x86)\PICC\Devices\18f4550.h
  243    88   5  i2c_LCD.c
   78    50   3  Teclado.c
   13     0   0  Control_ls.h
   42     0   0  motors.h
   46    21   1  tonos_buzzer.c
 2227   258  13  C:\Program Files (x86)\PICC\Drivers\math.h
  228     0   0  C:\Program Files (x86)\PICC\Drivers\pic18_usb.h
  328     0   0  C:\Program Files (x86)\PICC\Drivers\usb_hw_layer.h
  432     0   0  C:\Program Files (x86)\PICC\Drivers\usb_desc_hid.h
 1103     0   0  C:\Program Files (x86)\PICC\Drivers\usb.h
 1192   249  13  C:\Program Files (x86)\PICC\Drivers\usb.c
 1516   316  16  C:\Program Files (x86)\PICC\Drivers\pic18_usb.c
  435     0   0  C:\Program Files (x86)\PICC\Drivers\string.h
   32     0   0  C:\Program Files (x86)\PICC\Drivers\stddef.h
   28     0   0  C:\Program Files (x86)\PICC\Drivers\ctype.h
   34     0   0  C:\Program Files (x86)\PICC\Drivers\stdbool.h
 1352   359  19  C:\Program Files (x86)\PICC\Drivers\stdlib.h
----- -----
11258  1920 Total

Page ROM  %  RAM    Vol Diff  Functions:
---- --- --- ---    --- ----  ----------
0     30   0    7             @READ_PROGRAM_MEMORY
0     42   0    1             @delay_ms1
0     44   0    1             @delay_us1
0     82   0    1             @I2C_WRITE_1
0     20   0    1     63  2.3  lcd_backlight_led
0    172   1    3    574  5.9  i2c_send_nibble
0     86   0    3    149  2.8  lcd_send_byte
0     40   0    0     61  1.9  lcd_clear
0     20   0    0             @const695
0    272   1    5    902  5.8  lcd_init
0    114   0    7    681  8.0  lcd_gotoxy
0     82   0    1    310  5.9  LCD_PUTC
0    274   1    1   1541  3.4  kbd_getc
0     88   0    5    285  4.3  do_delay
0    584   2   27    806  6.5  generate_tone
0    148   0   13             @DIV3232
0     70   0    5             @DIV1616
0     94   0   14             @MUL3232
0     66   0    6             @WRITEBITA
0     32   0    0             @const1035
0     48   0    0             @const1041
0     48   0    0             @const1047
0     18   0    0             @const1050
0     18   0    0             @const1054
0     58   0    0             @const1058
0     18   0    0             @const1061
0     18   0    0             @const1064
0     34   0    0             @const1069
0     60   0    4    139  4.3  usb_kbhit
0     70   0    4    139  4.3  usb_tbe
0     42   0    1    172  3.4  usb_detach
0     46   0    0    236  2.3  usb_attach
0      6   0    0     16  1.0  usb_init_cs
0     34   0    1    375  5.2  usb_task
0     14   0    0     61  2.5  usb_init
0    246   1   10    976  5.9  usb_flush_in
0    196   1    9    914  5.0  usb_flush_out
0    198   1   12    652  5.9  usb_get_packet_buffer
0     74   0    5    154  3.9  usb_get_packet
0     74   0    6    264  4.6  usb_stall_ep
0     94   0    6    329  4.7  usb_unstall_ep
0     90   0    5    373  6.0  usb_endpoint_stalled
0     26   0    1     94  2.7  usb_set_address
0    438   1   15   1743 10.9  usb_set_configured
0     84   0    5    199  3.2  usb_disable_endpoint
0     30   0    1     99  3.0  usb_disable_endpoints
0      4   0    0     61  4.0  usb_clear_trn
0    126   0    2    656  6.8  usb_isr
0      6   0    0     39  2.0  usb_isr_sof
0     48   0    0    450  4.3  usb_isr_rst
0     42   0    2    458  4.4  usb_init_ep0_setup
0      8   0    0     74  2.8  usb_isr_uerr
0     10   0    0     88  2.5  usb_isr_uidle
0     18   0    0    149  3.5  usb_isr_activity
0     14   0    0    151  3.9  usb_isr_stall
0      6   0    1     30  1.7  usb_request_send_response
0      4   0    0     22  1.2  usb_request_stall
0    248   1    3   3124  9.3  usb_isr_tok_dne
0      8   0    0     29  1.9  usb_enumerated
0     44   0    3    255  4.0  usb_token_reset
0     78   0    3    274  5.9  usb_endpoint_is_valid
0     36   0    1    158  3.1  usb_isr_tok_in_dne
0     10   0    1     53  1.9  usb_isr_tok_out_dne
0     50   0    0    375  6.4  usb_isr_tok_setup_dne
0    188   1    0   1454  8.3  usb_isr_tkn_setup_StandardDevice
0    168   1    3    995  7.8  usb_isr_tkn_setup_StandardInterface
0    106   0    0    753  5.8  usb_isr_tkn_setup_StandardEndpoint
0     12   0    0    105  3.8  usb_isr_tkn_setup_ClassInterface
0    310   1    4   1659 10.8  usb_Get_Descriptor
0     14   0    0     76  1.8  usb_finish_set_address
0    184   1    4    666  8.6  usb_copy_desc_seg_to_ep
0     34   0    0             @goto32252
0     80   0    2             @MUL88
0    402   1    9   1815 10.5  atoi
0     14   0    0             @GOTOPTR
0     34   0    5             @MUL1616
0     64   0    2     44  1.9  changeWashFormat
0     50   0    2     29  1.9  readWashFormat
0     64   0    2     44  1.9  changeWashMode
0     50   0    2     29  1.9  readWashMode
0    154   0    4    100  2.3  changeRinseTime
0    112   0    7    117  3.5  getRinseTime
0     64   0    2     44  1.9  changeWashAspiration
0     50   0    2     29  1.9  readWashAspiration
0     64   0    2     43  2.1  changeWaterVolume
0     50   0    2     29  1.9  readWaterVolume
0     64   0    2     43  2.1  changeCyclesCount
0     50   0    2     29  1.9  readCyclesCount
0     64   0    2     44  1.9  changePrimeMode
0     50   0    2     29  1.9  readPrimeMode
0     64   0    2     43  2.1  changePrimeTime
0     50   0    2     29  1.9  readPrimeTime
0     64   0    2     44  1.9  changeShakeIntensity
0     50   0    2     29  1.9  readShakeIntensity
0     64   0    2     43  2.1  changeShakeTime
0     50   0    2     29  1.9  readShakeTime
0     20   0    1     63  2.6  switchProgram
0     62   0    1    119  1.3  initConfigProgram
0     30   0    1     82  2.8  resetToDefault
0     88   0    6    183  3.2  initMenu
0    118   0    6    182  4.9  addItem
0     16   0    0             @const1767
0     32   0    2             @PSTRINGC_705
0     22   0    2     64  4.0  min
0     40   0    1     90  3.1  read_key
0     44   0    3             @DIV88
0      4   0    0             @const1781
0     36   0    0    156  3.0  timer0_interrupcion
0     46   0    0    163  3.1  TECLADO_INTERRUPT
0      8   0    0             @const1786
0    188   1    6             @PRINTF_D_705
0     42   0    3             @PSTRINGCN_705
0   2530   8  543   6357  5.5  MAIN
0     18   0    0             @const1795
0      2   0    0             @const1797
0      2   0    0             @const1798
0     14   0    0             @const1799
0      8   0    0             @const1800
0     14   0    0             @const1801
0      2   0    0             @const1802
0      4   0    0      3  0.0  setup
0     16   0    4     44  2.1  getMSB
0     18   0    2     35  1.7  getLSB
0     20   0    3     68  3.1  joinBytes
0     78   0    1    223  4.3  getOptionKey
0    134   0    2    249  3.5  washOp
0      2   0    0             @const1831
0     36   0    2             @PSTRINGR_705
0    162   1    3    560  7.0  washFormat
0      2   0    0             @const1838
0     12   0    0             @const1839
0     16   0    0             @const1840
0     34   0    0             @goto34503
0    162   1    3    560  7.0  washMode
0      2   0    0             @const1844
0     10   0    0             @const1845
0     10   0    0             @const1846
0     34   0    0             @goto34546
0    288   1    7    962  6.8  washTime
0      2   0    0             @const1850
0     10   0    0             @const1851
0    256   1    9             @PRINTF_LD_705
0    164   1    3    560  7.0  washAspiration
0      2   0    0             @const1857
0     12   0    0             @const1858
0     12   0    0             @const1859
0     34   0    0             @goto34686
0    288   1    7    962  6.8  washVolume
0      2   0    0             @const1863
0      8   0    0             @const1864
0    230   1    5    959  6.9  washAmount
0      2   0    0             @const1868
0    168   1    3    560  7.0  primeMode
0      2   0    0             @const1873
0     14   0    0             @const1874
0     18   0    0             @const1875
0     34   0    0             @goto34864
0    244   1    4    959  6.9  primeTime
0      2   0    0             @const1879
0      8   0    0             @const1880
0    266   1    4    871  7.6  shakeIntensity
0      2   0    0             @const1884
0     10   0    0             @const1885
0     10   0    0             @const1886
0     10   0    0             @const1887
0     34   0    0             @goto34978
0    232   1    5    962  6.8  shakeTime
0      2   0    0             @const1891
0    416   1   11   1052  9.4  listenToKey
0     68   0    4    117  2.2  scaffoldMenu
0    398   1   14   1194  7.7  printMenu
0      2   0    0             @const1900
0     22   0    0     66  1.3  editProgram
0      8   0    0     29  1.2  editProgram1
0      8   0    0     29  1.2  editProgram2
0      8   0    0     29  1.2  editProgram3
0    112   0    0    195  1.4  resetConfig
0      8   0    0     29  1.2  resetConfig1
0      8   0    0     29  1.2  resetConfig2
0      8   0    0     29  1.2  resetConfig3
 Inline         0             @cinit1

Program metrics:
    Functions               111
    Statements              1920
    Comments                3414
    Volume (V)              90281
    Difficulty (D)          452.8
    Effort to implement (E) 40880976
    Time to implement (T)   630 hours, 53 minutes
    Est Delivered Bugs (B)  40
    Cyclomatic Complexity   244
    Maintainability (MI)    126

 Segment     Used  Free
-----------  ----  ----
00000-00002     4  0  
00004-00006     4  0  
00008-000C4   190  0  
000C6-07FC6  15606  16908  
07FC8-07FFE    56  0  



