
ROM used:   26/32768 (0%)
            26/32768 (0%) including unused fragments

            0.0 Average locations per line
            13.0 Average locations per statement

RAM used:   4/2048 (0%) at main() level
            4/2048 (0%) worst case

Stack used: 0 worst case (0 in main + 0 for interrupts)
Stack size: 31

Lines Stmts  %   Files
----- ----- ---  -----
   15     2 100  project_v2.c
    8     0   0  project_v2.h
  854     0   0  C:\Program Files (x86)\PICC\Devices\18F4550.h
   34     0   0  C:\Program Files (x86)\PICC\Drivers\stdbool.h
----- -----
  911     2 Total

Page ROM  %  RAM    Vol Diff  Functions:
---- --- --- ---    --- ----  ----------
0     22  42    0     14  0.8  main
 Inline         0             @cinit1

Program metrics:
    Functions               1
    Statements              2
    Comments                171
    Volume (V)              16
    Difficulty (D)          0.5
    Effort to implement (E) 8
    Time to implement (T)   0 minutes
    Est Delivered Bugs (B)  0
    Cyclomatic Complexity   1
    Maintainability (MI)    195

 Segment     Used  Free
-----------  ----  ----
00000-00002     4  0  
00004-07FFE    22  32742  



