CCS PCH C Compiler, Version 5.083, 13314               26-Oct-22 03:07

               Filename:   X:\Documents\Work\delDavid\Tesis_David\src\project_v2.lst

               ROM used:   26 bytes (0%)
                           Largest free fragment is 32742
               RAM used:   4 (0%) at main() level
                           4 (0%) worst case
               Stack used: 0 locations
               Stack size: 31

*
0000:  GOTO   0004
.................... #include <project_v2.h> 
.................... #include <18F4550.h> 
.................... //////////// Standard Header file for the PIC18F4550 device //////////////// 
.................... /////////////////////////////////////////////////////////////////////////// 
.................... ////        (C) Copyright 1996, 2014 Custom Computer Services          //// 
.................... //// This source code may only be used by licensed users of the CCS C  //// 
.................... //// compiler.  This source code may only be distributed to other      //// 
.................... //// licensed users of the CCS C compiler.  No other use, reproduction //// 
.................... //// or distribution is permitted without written permission.          //// 
.................... //// Derivative programs created using this software in object code    //// 
.................... //// form are not restricted in any way.                               //// 
.................... /////////////////////////////////////////////////////////////////////////// 
.................... #device PIC18F4550 
....................  
.................... #list 
....................  
.................... #device ADC=10 
....................  
.................... #FUSES NOWDT                 	//No Watch Dog Timer 
....................  
.................... #use delay(crystal=4MHz) 
....................  
....................  
.................... #include <stdbool.h> 
.................... /////////////////////////////////////////////////////////////////////////// 
.................... ////                                                                   //// 
.................... ////                          stdbool.h                                //// 
.................... ////                                                                   //// 
.................... //// Standard boolean definitions                                      //// 
.................... ////                                                                   //// 
.................... /////////////////////////////////////////////////////////////////////////// 
.................... ////        (C) Copyright 1996,2012 Custom Computer Services           //// 
.................... //// This source code may only be used by licensed users of the CCS C  //// 
.................... //// compiler.  This source code may only be distributed to other      //// 
.................... //// licensed users of the CCS C compiler.  No other use, reproduction //// 
.................... //// or distribution is permitted without written permission.          //// 
.................... //// Derivative programs created using this software in object code    //// 
.................... //// form are not restricted in any way.                               //// 
.................... /////////////////////////////////////////////////////////////////////////// 
....................  
.................... #ifndef __STDBOOL_H__ 
.................... #define __STDBOOL_H__ 
....................  
.................... //remove TRUE and FALSE added by CCS's device .h file 
.................... #if defined(TRUE) 
.................... #undef TRUE 
.................... #endif 
.................... #if defined(FALSE) 
.................... #undef FALSE 
.................... #endif 
....................  
.................... typedef int1   bool; 
.................... #define true   1 
.................... #define false  0 
.................... #define __bool_true_false_are_defined  1 
....................  
.................... #endif 
....................  
....................  
.................... void main() 
0004:  CLRF   FF8
0006:  BCF    FD0.7
0008:  MOVF   FC1,W
000A:  ANDLW  C0
000C:  IORLW  0F
000E:  MOVWF  FC1
0010:  MOVLW  07
0012:  MOVWF  FB4
.................... { 
....................  
....................    while(TRUE) 
....................    { 
0014:  GOTO   0014
....................  
....................  
....................       //TODO: User Code 
....................    } 
....................  
.................... } 
*
0018:  SLEEP 

Configuration Fuses:
   Word  1: C000   PLL1 CPUDIV1 NOUSBDIV XT FCMEN IESO
   Word  2: 1E26   PUT BROWNOUT VREGEN NOWDT WDT32768
   Word  3: 8700   CCP2C1 PBADEN LPT1OSC MCLR
   Word  4: 00A1   STVREN NOLVP ICSP2 NOXINST NODEBUG
   Word  5: C00F   NOPROTECT NOCPB NOCPD
   Word  6: E00F   NOWRT NOWRTC NOWRTB NOWRTD
   Word  7: 400F   NOEBTR NOEBTRB
